// Jest Snapshot v1, https://goo.gl/fbAQLP

exports[`Provider <RenderHeader /> renders correctly 1`] = `
<View
  style={
    Array [
      Object {
        "backgroundColor": "#fff",
      },
      Array [
        Object {
          "backgroundColor": undefined,
        },
        Object {
          "borderTopLeftRadius": 20,
          "borderTopRightRadius": 20,
          "paddingTop": 20,
          "shadowColor": "#000000",
        },
      ],
    ]
  }
>
  <View
    style={
      Array [
        Object {
          "backgroundColor": "#fff",
        },
        Array [
          Object {
            "backgroundColor": undefined,
          },
          Object {
            "alignItems": "center",
          },
        ],
      ]
    }
  >
    <View
      style={
        Array [
          Object {
            "backgroundColor": "#fff",
          },
          Array [
            Object {
              "backgroundColor": undefined,
            },
            Object {
              "borderRadius": 4,
              "height": 8,
              "marginBottom": 10,
              "width": 40,
            },
          ],
        ]
      }
    />
  </View>
</View>
`;

exports[`Provider <RenderInner /> renders correctly 1`] = `
<View
  style={
    Array [
      Object {
        "backgroundColor": "#fff",
      },
      Array [
        Object {
          "alignItems": "center",
          "height": 600,
          "padding": 20,
        },
        Object {
          "backgroundColor": undefined,
        },
      ],
    ]
  }
>
  <View
    style={
      Array [
        Object {
          "backgroundColor": "#fff",
        },
        Object {
          "backgroundColor": "transparent",
          "width": "100%",
        },
      ]
    }
  >
    <Text
      style={
        Array [
          Object {
            "color": "#000",
          },
          Object {
            "fontSize": 27,
            "height": 35,
          },
        ]
      }
    />
    <Text
      style={
        Array [
          Object {
            "color": "#000",
          },
          Object {
            "color": "gray",
            "fontSize": 14,
            "height": 20,
            "marginVertical": 5,
          },
        ]
      }
    />
    <Text
      style={
        Array [
          Object {
            "color": "#000",
          },
          Object {
            "color": "gray",
            "fontSize": 14,
            "height": 20,
            "marginVertical": 5,
          },
        ]
      }
    >
      Organization ID - 
    </Text>
    <Text
      style={
        Array [
          Object {
            "color": "#000",
          },
          Object {
            "color": "gray",
            "fontSize": 14,
            "height": 20,
            "marginVertical": 5,
          },
        ]
      }
    >
      Provider NPI - 
    </Text>
    <Text
      style={
        Array [
          Object {
            "color": "#000",
          },
          Object {
            "color": "gray",
            "fontSize": 14,
            "height": 20,
            "marginVertical": 5,
          },
        ]
      }
    />
    <Text
      style={
        Array [
          Object {
            "color": "#000",
          },
          Object {
            "color": "gray",
            "fontSize": 14,
            "height": 20,
            "marginVertical": 5,
          },
        ]
      }
    >
      Role ID - 
    </Text>
    <View
      accessible={true}
      focusable={true}
      onClick={[Function]}
      onResponderGrant={[Function]}
      onResponderMove={[Function]}
      onResponderRelease={[Function]}
      onResponderTerminate={[Function]}
      onResponderTerminationRequest={[Function]}
      onStartShouldSetResponder={[Function]}
      style={
        Object {
          "opacity": 1,
        }
      }
    >
      <View
        style={
          Array [
            Object {
              "backgroundColor": "#fff",
            },
            Array [
              Object {
                "backgroundColor": undefined,
              },
              Object {
                "alignItems": "center",
                "borderRadius": 10,
                "marginVertical": 10,
                "padding": 20,
              },
            ],
          ]
        }
      >
        <Text
          style={
            Array [
              Object {
                "color": "#000",
              },
              Object {
                "color": "white",
                "fontSize": 14,
                "fontWeight": "bold",
              },
            ]
          }
        >
          No email
        </Text>
      </View>
    </View>
    <View
      accessible={true}
      focusable={true}
      onClick={[Function]}
      onResponderGrant={[Function]}
      onResponderMove={[Function]}
      onResponderRelease={[Function]}
      onResponderTerminate={[Function]}
      onResponderTerminationRequest={[Function]}
      onStartShouldSetResponder={[Function]}
      style={
        Object {
          "opacity": 1,
        }
      }
    >
      <View
        style={
          Array [
            Object {
              "backgroundColor": "#fff",
            },
            Array [
              Object {
                "backgroundColor": undefined,
              },
              Object {
                "alignItems": "center",
                "borderRadius": 10,
                "marginVertical": 10,
                "padding": 20,
              },
            ],
          ]
        }
      >
        <Text
          style={
            Array [
              Object {
                "color": "#000",
              },
              Object {
                "color": "white",
                "fontSize": 14,
                "fontWeight": "bold",
              },
            ]
          }
        >
          No phone number
        </Text>
      </View>
    </View>
  </View>
</View>
`;
