// Jest Snapshot v1, https://goo.gl/fbAQLP

exports[`<Settings /> renders correctly 1`] = `
<View
  style={
    Array [
      Object {
        "backgroundColor": "#fff",
      },
      Object {
        "alignItems": "center",
        "flex": 1,
        "justifyContent": "center",
      },
    ]
  }
>
  <View
    style={
      Array [
        Object {
          "backgroundColor": "#fff",
        },
        Object {
          "alignItems": "center",
          "justifyContent": "center",
          "width": "100%",
        },
      ]
    }
  >
    <Text
      style={
        Array [
          Object {
            "color": "#000",
          },
          Object {
            "fontSize": 20,
            "fontWeight": "bold",
            "marginVertical": 5,
          },
        ]
      }
    >
      FHIR Endpoint
    </Text>
    <TextInput
      allowFontScaling={true}
      onChangeText={[Function]}
      rejectResponderTermination={true}
      style={
        Array [
          Object {
            "backgroundColor": "rgb(255, 255, 255)",
            "color": "rgb(28, 28, 30)",
          },
          Object {
            "borderColor": "gray",
            "borderRadius": 10,
            "borderWidth": 1,
            "fontSize": 14,
            "height": 60,
            "marginVertical": 10,
            "textAlign": "center",
            "width": "90%",
          },
        ]
      }
      underlineColorAndroid="transparent"
      value=""
    />
    <View
      accessible={true}
      focusable={true}
      onClick={[Function]}
      onResponderGrant={[Function]}
      onResponderMove={[Function]}
      onResponderRelease={[Function]}
      onResponderTerminate={[Function]}
      onResponderTerminationRequest={[Function]}
      onStartShouldSetResponder={[Function]}
      style={
        Object {
          "opacity": 1,
          "width": "90%",
        }
      }
    >
      <View
        style={
          Array [
            Object {
              "backgroundColor": "#fff",
            },
            Array [
              Object {
                "backgroundColor": "rgb(0, 122, 255)",
              },
              Object {
                "alignItems": "center",
                "borderRadius": 10,
                "marginVertical": 10,
                "padding": 20,
                "width": "100%",
              },
            ],
          ]
        }
      >
        <Text
          style={
            Array [
              Object {
                "color": "#000",
              },
              Object {
                "color": "white",
                "fontSize": 14,
                "fontWeight": "bold",
              },
            ]
          }
        >
          Save
        </Text>
      </View>
    </View>
    <View
      accessible={true}
      focusable={true}
      onClick={[Function]}
      onResponderGrant={[Function]}
      onResponderMove={[Function]}
      onResponderRelease={[Function]}
      onResponderTerminate={[Function]}
      onResponderTerminationRequest={[Function]}
      onStartShouldSetResponder={[Function]}
      style={
        Object {
          "opacity": 1,
          "width": "90%",
        }
      }
    >
      <View
        style={
          Array [
            Object {
              "backgroundColor": "#fff",
            },
            Array [
              Object {
                "backgroundColor": "rgb(0, 122, 255)",
              },
              Object {
                "alignItems": "center",
                "borderRadius": 10,
                "marginVertical": 10,
                "padding": 20,
                "width": "100%",
              },
            ],
          ]
        }
      >
        <Text
          style={
            Array [
              Object {
                "color": "#000",
              },
              Object {
                "color": "white",
                "fontSize": 14,
                "fontWeight": "bold",
              },
            ]
          }
        >
          Reset to Default
        </Text>
      </View>
    </View>
  </View>
</View>
`;
